
> coaching-ops-platform@1.0.0 dev
> turbo run dev

node.exe : ΓÇó turbo 2.9.6
At line:1 char:1
+ & "C:\Program Files\nodejs/node.exe" "C:\Users\tagor\AppData\Roaming\ ...
+ ~~~~~~~~~~~~~~~~~~~~~~~~~~~~~~~~~~~~~~~~~~~~~~~~~~~~~~~~~~~~~~~~~~~~~
    + CategoryInfo          : NotSpecified: (ΓÇó turbo 2.9.6:String) [], Remot 
   eException
    + FullyQualifiedErrorId : NativeCommandError
 
turbo_json_parse_error

  x Failed to parse turbo.json.
  `->   x Expected an array, an object, or a literal but instead found the end
        | of the file.
         ,-[turbo.json:1:1]
         `----

